exports[`<Book /> Should render the component 1`] = `"<li><div class=\"book\"><div class=\"book-top\"><div class=\"book-cover\" style=\"width: 128px; height: 193px; background-image: url(http://localhost/test.jpg);\"></div><div class=\"book-shelf-changer\"><select><option value=\"none\" disabled=\"\">Move to...</option><option value=\"currentlyReading\">Currently Reading</option><option value=\"wantToRead\">Want to Read</option><option value=\"read\">Read</option><option value=\"none\">None</option></select></div></div><div class=\"book-title\">test title</div><div class=\"book-authors\">author title</div></div></li>"`;
