exports[`<BookShelf /> Should render the component 1`] = `"<div class=\"bookshelf\"><h2 class=\"bookshelf-title\">Test title</h2><div class=\"bookshelf-books\"><ol class=\"books-grid\"><li><div class=\"book\"><div class=\"book-top\"><div class=\"book-cover\" style=\"width: 128px; height: 193px; background-image: url(http://localhost/test.jpg);\"></div><div class=\"book-shelf-changer\"><select><option value=\"none\" disabled=\"\">Move to...</option><option value=\"currentlyReading\">Currently Reading</option><option value=\"wantToRead\">Want to Read</option><option value=\"read\">Read</option><option value=\"none\">None</option></select></div></div><div class=\"book-title\">test title</div><div class=\"book-authors\">author title</div></div></li><li><div class=\"book\"><div class=\"book-top\"><div class=\"book-cover\" style=\"width: 128px; height: 193px; background-image: url(http://localhost/test2.jpg);\"></div><div class=\"book-shelf-changer\"><select><option value=\"none\" disabled=\"\">Move to...</option><option value=\"currentlyReading\">Currently Reading</option><option value=\"wantToRead\">Want to Read</option><option value=\"read\">Read</option><option value=\"none\">None</option></select></div></div><div class=\"book-title\">test2 title</div><div class=\"book-authors\">author2 title</div></div></li></ol></div></div>"`;
